// Jest Snapshot v1, https://goo.gl/fbAQLP

exports[`snapshot test 1`] = `
<div
  className="container"
>
  <section
    className="section is-small columns is-centered"
  >
    <div
      className="column is-half"
    >
      <h3
        className="title has-text-centered"
      >
        Enter Player's Names
      </h3>
      <div
        className="field"
      >
        <label
          className="label is-normal"
        >
          Player 1
        </label>
        <div
          className="field"
        >
          <div
            className="control"
          >
            <input
              className="input null"
              onChange={[Function]}
              placeholder="Player 1 name"
              type="text"
              value=""
            />
          </div>
        </div>
      </div>
      <div
        className="field"
      >
        <label
          className=" label is-normal"
        >
          Player 2
        </label>
        <div
          className="field"
        >
          <div
            className="control"
          >
            <input
              className="input null"
              onChange={[Function]}
              placeholder="Player 2 name"
              type="text"
              value=""
            />
          </div>
        </div>
      </div>
      <div
        className="control"
      >
        <button
          className="button is-primary is-fullwidth"
          onClick={[Function]}
        >
          Start
        </button>
      </div>
    </div>
  </section>
</div>
`;
