// Jest Snapshot v1, https://goo.gl/fbAQLP

exports[`snapshot test 1`] = `
<div>
  <div
    className="container"
  >
    <section
      className="section has-text-centered"
    >
      <h1
        className="title"
      >
        WE HAVE A WINNER!!!
      </h1>
      <h2
        className="subtitle"
      >
        <strong>
          p1
        </strong>
         is the new EMPEROR!
      </h2>
      <button
        className="button is-primary"
        onClick={[Function]}
      >
        Play Again
      </button>
    </section>
  </div>
</div>
`;
